SSP2_2deg.SSP2_1000C_CACN_NoCC
SSP2_1p5deg.SSP2_500C_CACN_NoCC
SSP2_Baseline.SSP2_BaU_NoCC
SSP2.SSP2_BaU_NoCC
SSP2_2deg_redist.SSP2_1000C_CACN_NoCC
SSP2_1p5deg_redist.SSP2_500C_CACN_NoCC


SSP2_1100.SSP2_1100C_CACN_NoCC
SSP2_1200.SSP2_1200C_CACN_NoCC
SSP2_1300.SSP2_1300C_CACN_NoCC
SSP2_1400.SSP2_1400C_CACN_NoCC
SSP2_1500.SSP2_1500C_CACN_NoCC
SSP2_400.SSP2_400C_CACN_NoCC
SSP2_600.SSP2_600C_CACN_NoCC
SSP2_700.SSP2_700C_CACN_NoCC
SSP2_800.SSP2_800C_CACN_NoCC
SSP2_900.SSP2_900C_CACN_NoCC

SSP2_1000_FC.SSP2_1000C_CACN_FullComb_NoCC
SSP2_1100_FC.SSP2_1100C_CACN_FullComb_NoCC
SSP2_1200_FC.SSP2_1200C_CACN_FullComb_NoCC
SSP2_1300_FC.SSP2_1300C_CACN_FullComb_NoCC
SSP2_1400_FC.SSP2_1400C_CACN_FullComb_NoCC
SSP2_1500_FC.SSP2_1500C_CACN_FullComb_NoCC
SSP2_400_FC.SSP2_400C_CACN_FullComb_NoCC
SSP2_500_FC.SSP2_500C_CACN_FullComb_NoCC
SSP2_600_FC.SSP2_600C_CACN_FullComb_NoCC
SSP2_700_FC.SSP2_700C_CACN_FullComb_NoCC
SSP2_800_FC.SSP2_800C_CACN_FullComb_NoCC
SSP2_900_FC.SSP2_900C_CACN_FullComb_NoCC



SSP2_1100_redist.SSP2_1100C_CACN_NoCC
SSP2_1200_redist.SSP2_1200C_CACN_NoCC
SSP2_1300_redist.SSP2_1300C_CACN_NoCC
SSP2_1400_redist.SSP2_1400C_CACN_NoCC
SSP2_1500_redist.SSP2_1500C_CACN_NoCC
SSP2_400_redist.SSP2_400C_CACN_NoCC
SSP2_600_redist.SSP2_600C_CACN_NoCC
SSP2_700_redist.SSP2_700C_CACN_NoCC
SSP2_800_redist.SSP2_800C_CACN_NoCC
SSP2_900_redist.SSP2_900C_CACN_NoCC

SSP2_1000_FC_redist.SSP2_1000C_CACN_FullComb_NoCC
SSP2_1100_FC_redist.SSP2_1100C_CACN_FullComb_NoCC
SSP2_1200_FC_redist.SSP2_1200C_CACN_FullComb_NoCC
SSP2_1300_FC_redist.SSP2_1300C_CACN_FullComb_NoCC
SSP2_1400_FC_redist.SSP2_1400C_CACN_FullComb_NoCC
SSP2_1500_FC_redist.SSP2_1500C_CACN_FullComb_NoCC
SSP2_400_FC_redist.SSP2_400C_CACN_FullComb_NoCC
SSP2_500_FC_redist.SSP2_500C_CACN_FullComb_NoCC
SSP2_600_FC_redist.SSP2_600C_CACN_FullComb_NoCC
SSP2_700_FC_redist.SSP2_700C_CACN_FullComb_NoCC
SSP2_800_FC_redist.SSP2_800C_CACN_FullComb_NoCC
SSP2_900_FC_redist.SSP2_900C_CACN_FullComb_NoCC

